# Лог сборки espressif/esp32-s3-box-3 (вариант esp-box-3) на IDF 6.1, 04.10.2026
# Цель проверки: совместимость 78/uart-uhci 0.4.0 с IDF 6.1 после обновления 78/uart-eth-modem.
# Полный лог не коммитится: 261 КБ построчного прогресса.
# Строк в полном логе: 2406; строк с "error:": 1

## Разрешённые версии модема и UHCI
NOTE: [4/74] 78/uart-eth-modem (0.7.0)
NOTE: [5/74] 78/uart-uhci (0.4.0)
NOTE: [4/74] 78/uart-eth-modem (0.7.0)
NOTE: [5/74] 78/uart-uhci (0.4.0)

## Ошибка компиляции
FAILED: esp-idf/78__uart-uhci/CMakeFiles/__idf_78__uart-uhci.dir/src/uart_uhci.cc.obj 
ccache /opt/esp/tools/xtensa-esp-elf/esp-15.2.0_20251204/xtensa-esp-elf/bin/xtensa-esp32s3-elf-g++ -DESP_PLATFORM -DIDF_VER=\"v6.1-829-g9a97f6c54ec\" -DSOC_MMU_PAGE_SIZE=CONFIG_MMU_PAGE_SIZE -DSOC_XTAL_FREQ_MHZ=CONFIG_XTAL_FREQ -D_GLIBCXX_HAVE_POSIX_SEMAPHORE -D_GLIBCXX_USE_POSIX_SEMAPHORE -D_GNU_SOURCE -D_POSIX_READER_WRITER_LOCKS -I/opt/xiaozhi-esp32/build/config -I/opt/xiaozhi-esp32/managed_components/78__uart-uhci/include -I/opt/esp/idf/components/esp_libc/platform_include -I/opt/esp/idf/components/freertos/config/include -I/opt/esp/idf/components/freertos/config/include/freertos -I/opt/esp/idf/components/freertos/config/xtensa/include -I/opt/esp/idf/components/freertos/FreeRTOS-Kernel/include -I/opt/esp/idf/components/freertos/FreeRTOS-Kernel/portable/xtensa/include -I/opt/esp/idf/components/freertos/FreeRTOS-Kernel/portable/xtensa/include/freertos -I/opt/esp/idf/components/freertos/esp_additions/include -I/opt/esp/idf/components/esp_hw_support/include -I/opt/esp/idf/components/esp_hw_support/include/soc -I/opt/esp/idf/components/esp_hw_support/ldo/include -I/opt/esp/idf/components/esp_hw_support/debug_probe/include -I/opt/esp/idf/components/esp_hw_support/etm/include -I/opt/esp/idf/components/esp_hw_support/mspi/mspi_timing_tuning/include -I/opt/esp/idf/components/esp_hw_support/mspi/mspi_timing_tuning/tuning_scheme_impl/include -I/opt/esp/idf/components/esp_hw_support/mspi/mspi_intr/include -I/opt/esp/idf/components/esp_hw_support/mspi/esp_mspi_align/include -I/opt/esp/idf/components/esp_hw_support/power_supply/include -I/opt/esp/idf/components/esp_hw_support/modem/include -I/opt/esp/idf/components/esp_hw_support/include/soc/esp32s3 -I/opt/esp/idf/components/esp_hw_support/port/esp32s3/. -I/opt/esp/idf/components/esp_hw_support/port/esp32s3/include -I/opt/esp/idf/components/esp_hw_support/mspi/mspi_timing_tuning/port/esp32s3/. -I/opt/esp/idf/components/esp_hw_support/mspi/mspi_timing_tuning/port/esp32s3/include -I/opt/esp/idf/components/heap/include -I/opt/esp/idf/components/heap/tlsf -I/opt/esp/idf/components/log/include -I/opt/esp/idf/components/soc/include -I/opt/esp/idf/components/soc/esp32s3 -I/opt/esp/idf/components/soc/esp32s3/include -I/opt/esp/idf/components/soc/esp32s3/register -I/opt/esp/idf/components/hal/platform_port/include -I/opt/esp/idf/components/hal/esp32s3/include -I/opt/esp/idf/components/hal/include -I/opt/esp/idf/components/esp_rom/include -I/opt/esp/idf/components/esp_rom/esp32s3/include -I/opt/esp/idf/components/esp_rom/esp32s3/include/esp32s3 -I/opt/esp/idf/components/esp_rom/esp32s3 -I/opt/esp/idf/components/esp_common/include -I/opt/esp/idf/components/esp_system/include -I/opt/esp/idf/components/esp_system/port/soc -I/opt/esp/idf/components/esp_system/port/include/private -I/opt/esp/idf/components/esp_stdio/include -I/opt/esp/idf/components/xtensa/esp32s3/include -I/opt/esp/idf/components/xtensa/include -I/opt/esp/idf/components/xtensa/deprecated_include -I/opt/esp/idf/components/esp_hal_gpio/include -I/opt/esp/idf/components/esp_hal_gpio/esp32s3/include -I/opt/esp/idf/components/esp_hal_usb/include -I/opt/esp/idf/components/esp_hal_usb/esp32s3/include -I/opt/esp/idf/components/esp_hal_pmu/include -I/opt/esp/idf/components/esp_hal_pmu/esp32s3/include -I/opt/esp/idf/components/esp_hal_regi2c/include -I/opt/esp/idf/components/esp_hal_regi2c/esp32s3/include -I/opt/esp/idf/components/esp_hal_uart/include -I/opt/esp/idf/components/esp_hal_uart/esp32s3/include -I/opt/esp/idf/components/esp_hal_ana_conv/include -I/opt/esp/idf/components/esp_hal_ana_conv/esp32s3/include -I/opt/esp/idf/components/esp_hal_dma/include -I/opt/esp/idf/components/esp_hal_dma/esp32s3/include -I/opt/esp/idf/components/esp_timer/include -I/opt/esp/idf/components/lwip/include -I/opt/esp/idf/components/lwip/include/apps -I/opt/esp/idf/components/lwip/lwip/src/include -I/opt/esp/idf/components/lwip/port/include -I/opt/esp/idf/components/lwip/port/freertos/include -I/opt/esp/idf/components/lwip/port/esp32xx/include -I/opt/esp/idf/components/lwip/port/esp32xx/include/arch -I/opt/esp/idf/components/lwip/port/esp32xx/include/sys -I/opt/esp/idf/components/esp_pm/include -I/opt/esp/idf/components/esp_mm/include -I/opt/esp/idf/components/esp_driver_uart/include -I/opt/esp/idf/components/vfs/include -I/opt/esp/idf/components/esp_driver_dma/include @"/opt/xiaozhi-esp32/build/toolchain/cxxflags" -fdiagnostics-color=always -Wno-missing-field-initializers -fdiagnostics-color=always -ffunction-sections -fdata-sections -Wall -Werror -Wno-error=unused-function -Wno-error=unused-variable -Wno-error=unused-but-set-variable -Wno-error=deprecated-declarations -Wextra -Wno-error=extra -Wno-unused-parameter -Wno-sign-compare -Wno-enum-conversion -gdwarf-4 -ggdb -Os -freorder-blocks -mno-target-align -fmacro-prefix-map=/opt/xiaozhi-esp32=. -fmacro-prefix-map=/opt/esp/idf=/IDF -fstrict-volatile-bitfields -fno-jump-tables -fno-tree-switch-conversion -std=gnu++26 -fno-exceptions -fuse-cxa-atexit -MD -MT esp-idf/78__uart-uhci/CMakeFiles/__idf_78__uart-uhci.dir/src/uart_uhci.cc.obj -MF esp-idf/78__uart-uhci/CMakeFiles/__idf_78__uart-uhci.dir/src/uart_uhci.cc.obj.d -o esp-idf/78__uart-uhci/CMakeFiles/__idf_78__uart-uhci.dir/src/uart_uhci.cc.obj -c /opt/xiaozhi-esp32/managed_components/78__uart-uhci/src/uart_uhci.cc
/opt/xiaozhi-esp32/managed_components/78__uart-uhci/src/uart_uhci.cc: In member function 'esp_err_t UartUhci::InitGdma(const Config&)':
/opt/xiaozhi-esp32/managed_components/78__uart-uhci/src/uart_uhci.cc:206:5: error: 'gdma_get_alignment_constraints' was not declared in this scope; did you mean 'gdma_get_channel_alignment_constraints'?
  206 |     gdma_get_alignment_constraints(rx_dma_chan_, &rx_int_mem_align_, &rx_ext_mem_align_);
      |     ^~~~~~~~~~~~~~~~~~~~~~~~~~~~~~
      |     gdma_get_channel_alignment_constraints
[1527/2241] Building C object esp-idf/espressif__mqtt/CMakeFiles/__idf_espressif__mqtt.dir/mqtt_client.c.obj
[1528/2241] Building CXX object esp-idf/78__esp-ml307/CMakeFiles/__idf_78__esp-ml307.dir/src/network_error.cc.obj
[1529/2241] Building CXX object esp-idf/78__esp-ml307/CMakeFiles/__idf_78__esp-ml307.dir/src/esp/esp_mqtt.cc.obj
[1530/2241] Building CXX object esp-idf/78__esp-ml307/CMakeFiles/__idf_78__esp-ml307.dir/src/esp/esp_tcp.cc.obj
[1531/2241] Building CXX object esp-idf/78__esp-ml307/CMakeFiles/__idf_78__esp-ml307.dir/src/esp/esp_ssl.cc.obj
[1532/2241] Building CXX object esp-idf/78__esp-ml307/CMakeFiles/__idf_78__esp-ml307.dir/src/esp/esp_udp.cc.obj
[1533/2241] Building CXX object esp-idf/78__esp-ml307/CMakeFiles/__idf_78__esp-ml307.dir/src/esp/esp_network.cc.obj
[1534/2241] Building CXX object esp-idf/78__esp-ml307/CMakeFiles/__idf_78__esp-ml307.dir/src/web_socket.cc.obj
[1535/2241] Building CXX object esp-idf/78__esp-ml307/CMakeFiles/__idf_78__esp-ml307.dir/src/http_client.cc.obj
ninja: build stopped: subcommand failed.
ninja failed with exit code 1, output of the command is in the /opt/xiaozhi-esp32/build/log/idf_py_stderr_output_519 and /opt/xiaozhi-esp32/build/log/idf_py_stdout_output_519
/opt/esp/python_env/idf6.1_py3.12_env/bin/python3 /opt/esp/idf/tools/idf.py build failed
